# Tests pathfinding on a complex graph where there is one node "bridge" that connect
# one group of nodes to another

# Load Graph
loaded graph bridge

# pathfinding test
path from a to b:
a to b via AB

path from f to d:
f to e via EF
e to d via DE

path from b to d:
b to d via BD

path from a to f:
a to b via AB
b to d via BD
d to e via DE
e to f via EF

path from e to c:
e to d via DE
d to b via BD
b to c via BC

path from c to d:
c to b via BC
b to d via BD