# Test whether it will print nodes in alphabetical order after adding 3 nodes in
# reverse alphabetical order

# Create graph
created graph alphabeticalOrder

# Add nodes in reverse alphabetic order
added node c to alphabeticalOrder
added node b to alphabeticalOrder
added node a to alphabeticalOrder

# Prints the nodes
alphabeticalOrder contains: a b c