# Test adding one edge from one node to another

# Create graph
created graph oneEdge

# Add 2 nodes
added node a to oneEdge
added node b to oneEdge

# Add edge
added edge AB from a to b in oneEdge

# Print nodes and children
oneEdge contains: a b
the children of a in oneEdge are: b(AB)
the children of b in oneEdge are: