# Creates 2 nodes and Tests creating 2 edges from one node to the other node

# Create graph
created graph twoEdge

# Add 2 nodes
added node a to twoEdge
added node b to twoEdge

# adds 2 edges from node a to node b
added edge AB from a to b in twoEdge
added edge AB1 from a to b in twoEdge

# Prints Nodes and children
twoEdge contains: a b
the children of a in twoEdge are: b(AB) b(AB1)
the children of b in twoEdge are: