# Creates 2 nodes and tests adding 2 edges that reference the node the came from

# Create graph
created graph twoSelfDest

# Add 2 nodes
added node a to twoSelfDest
added node b to twoSelfDest

# Add 2 edges that point to the node they came from
added edge AA from a to a in twoSelfDest
added edge BB from b to b in twoSelfDest

# Print nodes and children
twoSelfDest contains: a b
the children of a in twoSelfDest are: a(AA)
the children of b in twoSelfDest are: b(BB)